[env] selected /dev/shm: available=387200016K env=3944622K
[env] staging /u801/x98liu/model_lake/envs/mlf -> /dev/shm/mlf-x98liu-1522430.hbh5Ca/mlf

real	0m39.725s
user	0m0.980s
sys	0m14.644s
[env] torch 2.12.0+cu130 cuda True pyg_lib True torch_sparse False
[launch] direct within batch allocation (srun unavailable on this host)
[run-dir] reusing a non-empty run directory; prior contents: stdout/train.log, ckpt/*.pt
/u801/x98liu/model_lake/codes/ModelLakeFishing/scale1m/graph_store.py:146: UserWarning: The given NumPy array is not writable, and PyTorch does not support non-writable tensors. This means writing to this tensor will result in undefined behavior. You may want to copy the array to protect its data or make it writable before converting it to a tensor. This type of warning will be suppressed for the rest of this program. (Triggered internally at /pytorch/torch/csrc/utils/tensor_numpy.cpp:213.)
  data[nt][field] = torch.from_numpy(arr if mmap else np.ascontiguousarray(arr))
[resume] /u801/x98liu/model_lake/runs/X4GD_full_s2_e25/ckpt/last.pt (last.pt) -> continuing at epoch 10
[train] rung=full N=3016439 seed=2 epochs=25 device=cuda batch=1024
    [lake logQ] models=3016439 labeled=35991 max_deg=950 q_head=0.0000 alpha=0.75 gamma=0.5 mass_on_labeled=0.5166 E_labeled_in_negs=132.3
    [ckpt] epoch 14 -> checkpoint_epoch_14.pt
    [ckpt] epoch 19 -> checkpoint_epoch_19.pt
    [ckpt] epoch 24 -> checkpoint_epoch_24.pt

=== T6 full seed=2 ===
  wallclock 2100.6s | peak GPU 37.927 GB | epochs 25
  loss 22.9725 -> 15.4189 | descended True | no NaN True
  mechanism gate: PASS
  ckpt checkpoint_epoch_24.pt
  -> /u801/x98liu/model_lake/runs/X4GD_full_s2_e25
[done] /u801/x98liu/model_lake/runs/X4GD_full_s2_e25 ; MANIFEST.json + ckpt/ + metrics/
